// Vitest Snapshot v1

exports[`createCodeMirror > renders 1`] = `"<div></div>"`;
